Archive member included to satisfy reference by file (symbol)

D:\Hardware Engineering\Embedded System\Porjects\software\SevenModule.X\dist\default\production\SevenModule.X.a(_7Module.o)
                              build/default/production/testunit.o (IDELS)
c:/program files/microchip/xc8/v2.32/avr/bin/../lib/gcc/avr/5.4.0/avr5/memx-const\libgcc.a(_exit.o)
                              C:/Program Files/Microchip/MPLABX/v5.50/packs/Microchip/ATmega_DFP/2.3.126/xc8/avr/lib/avr5/memx-const/crtatmega16.o (exit)
c:/program files/microchip/xc8/v2.32/avr/bin/../lib/gcc/avr/5.4.0/avr5/memx-const\libgcc.a(_copy_data.o)
                              D:\Hardware Engineering\Embedded System\Porjects\software\SevenModule.X\dist\default\production\SevenModule.X.a(_7Module.o) (__do_copy_data)

Allocating common symbols
Common symbol       size              file

MODbits             0x1               build/default/production/testunit.o
Enablebits          0x1               build/default/production/testunit.o
OUTbits             0x1               build/default/production/testunit.o
MOUDLEbits          0x2               build/default/production/testunit.o

Discarded input sections

 .data          0x0000000000000000        0x0 C:/Program Files/Microchip/MPLABX/v5.50/packs/Microchip/ATmega_DFP/2.3.126/xc8/avr/lib/avr5/memx-const/crtatmega16.o
 .bss           0x0000000000000000        0x0 C:/Program Files/Microchip/MPLABX/v5.50/packs/Microchip/ATmega_DFP/2.3.126/xc8/avr/lib/avr5/memx-const/crtatmega16.o
 .text          0x0000000000000000        0x0 build/default/production/testunit.o
 .data          0x0000000000000000        0x0 build/default/production/testunit.o
 .bss           0x0000000000000000        0x0 build/default/production/testunit.o
 .text          0x0000000000000000        0x0 D:\Hardware Engineering\Embedded System\Porjects\software\SevenModule.X\dist\default\production\SevenModule.X.a(_7Module.o)
 .data          0x0000000000000000        0x0 D:\Hardware Engineering\Embedded System\Porjects\software\SevenModule.X\dist\default\production\SevenModule.X.a(_7Module.o)
 .bss           0x0000000000000000        0x0 D:\Hardware Engineering\Embedded System\Porjects\software\SevenModule.X\dist\default\production\SevenModule.X.a(_7Module.o)
 .text.InitModule
                0x0000000000000000        0x6 D:\Hardware Engineering\Embedded System\Porjects\software\SevenModule.X\dist\default\production\SevenModule.X.a(_7Module.o)
 .text.Tigger_Function
                0x0000000000000000        0x2 D:\Hardware Engineering\Embedded System\Porjects\software\SevenModule.X\dist\default\production\SevenModule.X.a(_7Module.o)
 .text          0x0000000000000000        0x0 c:/program files/microchip/xc8/v2.32/avr/bin/../lib/gcc/avr/5.4.0/avr5/memx-const\libgcc.a(_exit.o)
 .data          0x0000000000000000        0x0 c:/program files/microchip/xc8/v2.32/avr/bin/../lib/gcc/avr/5.4.0/avr5/memx-const\libgcc.a(_exit.o)
 .bss           0x0000000000000000        0x0 c:/program files/microchip/xc8/v2.32/avr/bin/../lib/gcc/avr/5.4.0/avr5/memx-const\libgcc.a(_exit.o)
 .text.libgcc.mul
                0x0000000000000000        0x0 c:/program files/microchip/xc8/v2.32/avr/bin/../lib/gcc/avr/5.4.0/avr5/memx-const\libgcc.a(_exit.o)
 .text.libgcc.div
                0x0000000000000000        0x0 c:/program files/microchip/xc8/v2.32/avr/bin/../lib/gcc/avr/5.4.0/avr5/memx-const\libgcc.a(_exit.o)
 .text.libgcc   0x0000000000000000        0x0 c:/program files/microchip/xc8/v2.32/avr/bin/../lib/gcc/avr/5.4.0/avr5/memx-const\libgcc.a(_exit.o)
 .text.libgcc.prologue
                0x0000000000000000        0x0 c:/program files/microchip/xc8/v2.32/avr/bin/../lib/gcc/avr/5.4.0/avr5/memx-const\libgcc.a(_exit.o)
 .stack.descriptors
                0x0000000000000000       0x13 c:/program files/microchip/xc8/v2.32/avr/bin/../lib/gcc/avr/5.4.0/avr5/memx-const\libgcc.a(_exit.o)
 .text.libgcc.builtins
                0x0000000000000000        0x0 c:/program files/microchip/xc8/v2.32/avr/bin/../lib/gcc/avr/5.4.0/avr5/memx-const\libgcc.a(_exit.o)
 .text.libgcc.fmul
                0x0000000000000000        0x0 c:/program files/microchip/xc8/v2.32/avr/bin/../lib/gcc/avr/5.4.0/avr5/memx-const\libgcc.a(_exit.o)
 .text.libgcc.fixed
                0x0000000000000000        0x0 c:/program files/microchip/xc8/v2.32/avr/bin/../lib/gcc/avr/5.4.0/avr5/memx-const\libgcc.a(_exit.o)
 .text          0x0000000000000000        0x0 c:/program files/microchip/xc8/v2.32/avr/bin/../lib/gcc/avr/5.4.0/avr5/memx-const\libgcc.a(_copy_data.o)
 .data          0x0000000000000000        0x0 c:/program files/microchip/xc8/v2.32/avr/bin/../lib/gcc/avr/5.4.0/avr5/memx-const\libgcc.a(_copy_data.o)
 .bss           0x0000000000000000        0x0 c:/program files/microchip/xc8/v2.32/avr/bin/../lib/gcc/avr/5.4.0/avr5/memx-const\libgcc.a(_copy_data.o)
 .text.libgcc.mul
                0x0000000000000000        0x0 c:/program files/microchip/xc8/v2.32/avr/bin/../lib/gcc/avr/5.4.0/avr5/memx-const\libgcc.a(_copy_data.o)
 .text.libgcc.div
                0x0000000000000000        0x0 c:/program files/microchip/xc8/v2.32/avr/bin/../lib/gcc/avr/5.4.0/avr5/memx-const\libgcc.a(_copy_data.o)
 .text.libgcc   0x0000000000000000        0x0 c:/program files/microchip/xc8/v2.32/avr/bin/../lib/gcc/avr/5.4.0/avr5/memx-const\libgcc.a(_copy_data.o)
 .text.libgcc.prologue
                0x0000000000000000        0x0 c:/program files/microchip/xc8/v2.32/avr/bin/../lib/gcc/avr/5.4.0/avr5/memx-const\libgcc.a(_copy_data.o)
 .text.libgcc.builtins
                0x0000000000000000        0x0 c:/program files/microchip/xc8/v2.32/avr/bin/../lib/gcc/avr/5.4.0/avr5/memx-const\libgcc.a(_copy_data.o)
 .text.libgcc.fmul
                0x0000000000000000        0x0 c:/program files/microchip/xc8/v2.32/avr/bin/../lib/gcc/avr/5.4.0/avr5/memx-const\libgcc.a(_copy_data.o)
 .text.libgcc.fixed
                0x0000000000000000        0x0 c:/program files/microchip/xc8/v2.32/avr/bin/../lib/gcc/avr/5.4.0/avr5/memx-const\libgcc.a(_copy_data.o)

Memory Configuration

Name             Origin             Length             Attributes
text             0x0000000000000000 0x0000000000004000 xr
data             0x0000000000800060 0x0000000000000400 rw !x
eeprom           0x0000000000810000 0x0000000000000200 rw !x
fuse             0x0000000000820000 0x0000000000000002 rw !x
lock             0x0000000000830000 0x0000000000000400 rw !x
signature        0x0000000000840000 0x0000000000000400 rw !x
user_signatures  0x0000000000850000 0x0000000000000400 rw !x
*default*        0x0000000000000000 0xffffffffffffffff

Linker script and memory map

LOAD C:/Program Files/Microchip/MPLABX/v5.50/packs/Microchip/ATmega_DFP/2.3.126/xc8/avr/lib/avr5/memx-const/crtatmega16.o
                0x0000000000000001                __MPLAB_BUILD = 0x1
LOAD build/default/production/testunit.o
LOAD D:\Hardware Engineering\Embedded System\Porjects\software\SevenModule.X\dist\default\production\SevenModule.X.a
START GROUP
LOAD c:/program files/microchip/xc8/v2.32/avr/bin/../lib/gcc/avr/5.4.0/../../../../avr/lib/avr5/memx-const\libm.a
END GROUP
START GROUP
LOAD c:/program files/microchip/xc8/v2.32/avr/bin/../lib/gcc/avr/5.4.0/avr5/memx-const\libgcc.a
LOAD c:/program files/microchip/xc8/v2.32/avr/bin/../lib/gcc/avr/5.4.0/../../../../avr/lib/avr5/memx-const\libm.a
LOAD c:/program files/microchip/xc8/v2.32/avr/bin/../lib/gcc/avr/5.4.0/../../../../avr/lib/avr5/memx-const\libc.a
LOAD C:/Program Files/Microchip/MPLABX/v5.50/packs/Microchip/ATmega_DFP/2.3.126/xc8/avr/lib/avr5/memx-const\libatmega16.a
END GROUP
                0x0000000000000000                __TEXT_REGION_ORIGIN__ = DEFINED (__TEXT_REGION_ORIGIN__)?__TEXT_REGION_ORIGIN__:0x0
                [0x0000000000800060]                __DATA_REGION_ORIGIN__ = DEFINED (__DATA_REGION_ORIGIN__)?__DATA_REGION_ORIGIN__:0x800060
                [0x0000000000004000]                __TEXT_REGION_LENGTH__ = DEFINED (__TEXT_REGION_LENGTH__)?__TEXT_REGION_LENGTH__:0x20000
                [0x0000000000000400]                __DATA_REGION_LENGTH__ = DEFINED (__DATA_REGION_LENGTH__)?__DATA_REGION_LENGTH__:0xffa0
                [0x0000000000000200]                __EEPROM_REGION_LENGTH__ = DEFINED (__EEPROM_REGION_LENGTH__)?__EEPROM_REGION_LENGTH__:0x10000
                [0x0000000000000002]                __FUSE_REGION_LENGTH__ = DEFINED (__FUSE_REGION_LENGTH__)?__FUSE_REGION_LENGTH__:0x400
                0x0000000000000400                __LOCK_REGION_LENGTH__ = DEFINED (__LOCK_REGION_LENGTH__)?__LOCK_REGION_LENGTH__:0x400
                0x0000000000000400                __SIGNATURE_REGION_LENGTH__ = DEFINED (__SIGNATURE_REGION_LENGTH__)?__SIGNATURE_REGION_LENGTH__:0x400
                0x0000000000000400                __USER_SIGNATURE_REGION_LENGTH__ = DEFINED (__USER_SIGNATURE_REGION_LENGTH__)?__USER_SIGNATURE_REGION_LENGTH__:0x400

.hash
 *(.hash)

.dynsym
 *(.dynsym)

.dynstr
 *(.dynstr)

.gnu.version
 *(.gnu.version)

.gnu.version_d
 *(.gnu.version_d)

.gnu.version_r
 *(.gnu.version_r)

.rel.init
 *(.rel.init)

.rela.init
 *(.rela.init)

.rel.text
 *(.rel.text)
 *(.rel.text.*)
 *(.rel.gnu.linkonce.t*)

.rela.text
 *(.rela.text)
 *(.rela.text.*)
 *(.rela.gnu.linkonce.t*)

.rel.fini
 *(.rel.fini)

.rela.fini
 *(.rela.fini)

.rel.rodata
 *(.rel.rodata)
 *(.rel.rodata.*)
 *(.rel.gnu.linkonce.r*)

.rela.rodata
 *(.rela.rodata)
 *(.rela.rodata.*)
 *(.rela.gnu.linkonce.r*)

.rel.data
 *(.rel.data)
 *(.rel.data.*)
 *(.rel.gnu.linkonce.d*)

.rela.data
 *(.rela.data)
 *(.rela.data.*)
 *(.rela.gnu.linkonce.d*)

.rel.ctors
 *(.rel.ctors)

.rela.ctors
 *(.rela.ctors)

.rel.dtors
 *(.rel.dtors)

.rela.dtors
 *(.rela.dtors)

.rel.got
 *(.rel.got)

.rela.got
 *(.rela.got)

.rel.bss
 *(.rel.bss)

.rela.bss
 *(.rela.bss)

.rel.plt
 *(.rel.plt)

.rela.plt
 *(.rela.plt)

.text           0x0000000000000000       0xb4
 *(.vectors)
 .vectors       0x0000000000000000       0x54 C:/Program Files/Microchip/MPLABX/v5.50/packs/Microchip/ATmega_DFP/2.3.126/xc8/avr/lib/avr5/memx-const/crtatmega16.o
                0x0000000000000000                __vector_default
                0x0000000000000000                __vectors
 *(.vectors)
 *(.progmem.gcc*)
 *(.dinit)
 .dinit         0x0000000000000054        0xc data_init
                0x0000000000000060                . = ALIGN (0x2)
 *fill*         0x0000000000000060        0x0 
                0x0000000000000060                __trampolines_start = .
 *(.trampolines)
 .trampolines   0x0000000000000060        0x0 linker stubs
 *(.trampolines*)
                0x0000000000000060                __trampolines_end = .
 *libprintf_flt.a:*(.progmem.data)
 *libc.a:*(.progmem.data)
                0x0000000000000060                . = ALIGN (0x2)
 *(.jumptables)
 *(.jumptables*)
 *(.lowtext)
 *(.lowtext*)
                0x0000000000000060                __ctors_start = .
 *(.ctors)
                0x0000000000000060                __ctors_end = .
                0x0000000000000060                __dtors_start = .
 *(.dtors)
                0x0000000000000060                __dtors_end = .
 SORT(*)(.ctors)
 SORT(*)(.dtors)
 *(.init0)
 .init0         0x0000000000000060        0x0 C:/Program Files/Microchip/MPLABX/v5.50/packs/Microchip/ATmega_DFP/2.3.126/xc8/avr/lib/avr5/memx-const/crtatmega16.o
                0x0000000000000060                __init
 *(.init0)
 *(.init1)
 *(.init1)
 *(.init2)
 .init2         0x0000000000000060        0xc C:/Program Files/Microchip/MPLABX/v5.50/packs/Microchip/ATmega_DFP/2.3.126/xc8/avr/lib/avr5/memx-const/crtatmega16.o
 *(.init2)
 *(.init3)
 *(.init3)
 *(.init4)
 .init4         0x000000000000006c       0x3c c:/program files/microchip/xc8/v2.32/avr/bin/../lib/gcc/avr/5.4.0/avr5/memx-const\libgcc.a(_copy_data.o)
                0x000000000000006c                __do_copy_data
                0x000000000000009a                __do_clear_bss
 *(.init4)
 *(.init5)
 *(.init5)
 *(.init6)
 *(.init6)
 *(.init7)
 *(.init7)
 *(.init8)
 *(.init8)
 *(.init9)
 .init9         0x00000000000000a8        0x8 C:/Program Files/Microchip/MPLABX/v5.50/packs/Microchip/ATmega_DFP/2.3.126/xc8/avr/lib/avr5/memx-const/crtatmega16.o
 *(.init9)
                0x00000000000000b0                . = ALIGN (0x2)
 *(.fini9)
 .fini9         0x00000000000000b0        0x0 c:/program files/microchip/xc8/v2.32/avr/bin/../lib/gcc/avr/5.4.0/avr5/memx-const\libgcc.a(_exit.o)
                0x00000000000000b0                _exit
                0x00000000000000b0                exit
 *(.fini9)
 *(.fini8)
 *(.fini8)
 *(.fini7)
 *(.fini7)
 *(.fini6)
 *(.fini6)
 *(.fini5)
 *(.fini5)
 *(.fini4)
 *(.fini4)
 *(.fini3)
 *(.fini3)
 *(.fini2)
 *(.fini2)
 *(.fini1)
 *(.fini1)
 *(.fini0)
 .fini0         0x00000000000000b0        0x4 c:/program files/microchip/xc8/v2.32/avr/bin/../lib/gcc/avr/5.4.0/avr5/memx-const\libgcc.a(_exit.o)
 *(.fini0)
                0x00000000000000b4                _etext = .

.data           0x0000000000800060        0x0 load address 0x00000000000000b4
                [!provide]                        PROVIDE (__data_start, .)
 *(.gnu.linkonce.d*)
 *(.gnu.linkonce.r*)
                0x0000000000800060                . = ALIGN (0x2)
                0x0000000000800060                _edata = .
                [!provide]                        PROVIDE (__data_end, .)

.bss            0x0000000000800060        0x5
                [!provide]                        PROVIDE (__bss_start, .)
 *(COMMON)
 COMMON         0x0000000000800060        0x5 build/default/production/testunit.o
                0x0000000000800060                MODbits
                0x0000000000800061                Enablebits
                0x0000000000800062                OUTbits
                0x0000000000800063                MOUDLEbits
                [!provide]                        PROVIDE (__bss_end, .)
                0x00000000000000b4                __data_load_start = LOADADDR (.data)
                0x00000000000000b4                __data_load_end = (__data_load_start + SIZEOF (.data))

.noinit         0x0000000000800065        0x0
                [!provide]                        PROVIDE (__noinit_start, .)
 *(.noinit*)
                [!provide]                        PROVIDE (__noinit_end, .)
                0x0000000000800065                _end = .

.eeprom         0x0000000000810000        0x0
 *(.eeprom*)
                0x0000000000810000                __eeprom_end = .

.fuse
 *(.fuse)
 *(.lfuse)
 *(.hfuse)
 *(.efuse)

.lock
 *(.lock*)

.signature
 *(.signature*)

.user_signatures
 *(.user_signatures*)

.stab
 *(.stab)

.stabstr
 *(.stabstr)

.stab.excl
 *(.stab.excl)

.stab.exclstr
 *(.stab.exclstr)

.stab.index
 *(.stab.index)

.stab.indexstr
 *(.stab.indexstr)

.comment        0x0000000000000000       0x2f
 *(.comment)
 .comment       0x0000000000000000       0x2f build/default/production/testunit.o
                                         0x30 (size before relaxing)
 .comment       0x000000000000002f       0x30 D:\Hardware Engineering\Embedded System\Porjects\software\SevenModule.X\dist\default\production\SevenModule.X.a(_7Module.o)

.stack.descriptors.hdr
                0x0000000000000000        0xe
 .stack.descriptors.hdr
                0x0000000000000000        0xe c:/program files/microchip/xc8/v2.32/avr/bin/../lib/gcc/avr/5.4.0/avr5/memx-const\libgcc.a(_exit.o)

.note.gnu.build-id
 *(.note.gnu.build-id)

.debug
 *(.debug)

.line
 *(.line)

.debug_srcinfo
 *(.debug_srcinfo)

.debug_sfnames
 *(.debug_sfnames)

.debug_aranges  0x0000000000000000       0xc0
 *(.debug_aranges)
 .debug_aranges
                0x0000000000000000       0x30 build/default/production/testunit.o
 .debug_aranges
                0x0000000000000030       0x90 D:\Hardware Engineering\Embedded System\Porjects\software\SevenModule.X\dist\default\production\SevenModule.X.a(_7Module.o)

.debug_pubnames
 *(.debug_pubnames)

.debug_info     0x0000000000000000     0x18a5
 *(.debug_info .gnu.linkonce.wi.*)
 .debug_info    0x0000000000000000      0x52e C:/Program Files/Microchip/MPLABX/v5.50/packs/Microchip/ATmega_DFP/2.3.126/xc8/avr/lib/avr5/memx-const/crtatmega16.o
 .debug_info    0x000000000000052e      0x631 build/default/production/testunit.o
 .debug_info    0x0000000000000b5f      0xd46 D:\Hardware Engineering\Embedded System\Porjects\software\SevenModule.X\dist\default\production\SevenModule.X.a(_7Module.o)

.debug_abbrev   0x0000000000000000      0x8a1
 *(.debug_abbrev)
 .debug_abbrev  0x0000000000000000      0x4e7 C:/Program Files/Microchip/MPLABX/v5.50/packs/Microchip/ATmega_DFP/2.3.126/xc8/avr/lib/avr5/memx-const/crtatmega16.o
 .debug_abbrev  0x00000000000004e7      0x142 build/default/production/testunit.o
 .debug_abbrev  0x0000000000000629      0x278 D:\Hardware Engineering\Embedded System\Porjects\software\SevenModule.X\dist\default\production\SevenModule.X.a(_7Module.o)

.debug_line     0x0000000000000000      0x720
 *(.debug_line .debug_line.* .debug_line_end)
 .debug_line    0x0000000000000000      0x119 C:/Program Files/Microchip/MPLABX/v5.50/packs/Microchip/ATmega_DFP/2.3.126/xc8/avr/lib/avr5/memx-const/crtatmega16.o
 .debug_line    0x0000000000000119      0x158 build/default/production/testunit.o
 .debug_line    0x0000000000000271      0x4af D:\Hardware Engineering\Embedded System\Porjects\software\SevenModule.X\dist\default\production\SevenModule.X.a(_7Module.o)

.debug_frame    0x0000000000000000      0x16c
 *(.debug_frame)
 .debug_frame   0x0000000000000000       0x44 build/default/production/testunit.o
 .debug_frame   0x0000000000000044      0x128 D:\Hardware Engineering\Embedded System\Porjects\software\SevenModule.X\dist\default\production\SevenModule.X.a(_7Module.o)

.debug_str      0x0000000000000000      0x1e1
 *(.debug_str)
 .debug_str     0x0000000000000000      0x1af C:/Program Files/Microchip/MPLABX/v5.50/packs/Microchip/ATmega_DFP/2.3.126/xc8/avr/lib/avr5/memx-const/crtatmega16.o
 .debug_str     0x00000000000001af       0x1c build/default/production/testunit.o
 .debug_str     0x00000000000001cb       0x16 D:\Hardware Engineering\Embedded System\Porjects\software\SevenModule.X\dist\default\production\SevenModule.X.a(_7Module.o)

.debug_loc      0x0000000000000000      0x74b
 *(.debug_loc)
 .debug_loc     0x0000000000000000       0x1e build/default/production/testunit.o
 .debug_loc     0x000000000000001e      0x72d D:\Hardware Engineering\Embedded System\Porjects\software\SevenModule.X\dist\default\production\SevenModule.X.a(_7Module.o)

.debug_macinfo
 *(.debug_macinfo)

.debug_weaknames
 *(.debug_weaknames)

.debug_funcnames
 *(.debug_funcnames)

.debug_typenames
 *(.debug_typenames)

.debug_varnames
 *(.debug_varnames)

.debug_pubtypes
 *(.debug_pubtypes)

.debug_ranges   0x0000000000000000       0xa0
 *(.debug_ranges)
 .debug_ranges  0x0000000000000000       0x20 build/default/production/testunit.o
 .debug_ranges  0x0000000000000020       0x80 D:\Hardware Engineering\Embedded System\Porjects\software\SevenModule.X\dist\default\production\SevenModule.X.a(_7Module.o)

.debug_macro
 *(.debug_macro)
OUTPUT(dist/default/production/Testunit.X.production.elf elf32-avr)
LOAD linker stubs
LOAD data_init

.note.gnu.avr.deviceinfo
                0x0000000000000000       0x3c
 .note.gnu.avr.deviceinfo
                0x0000000000000000       0x3c C:/Program Files/Microchip/MPLABX/v5.50/packs/Microchip/ATmega_DFP/2.3.126/xc8/avr/lib/avr5/memx-const/crtatmega16.o

.text.Counter   0x00000000000000b4       0x96
 .text.Counter  0x00000000000000b4       0x96 D:\Hardware Engineering\Embedded System\Porjects\software\SevenModule.X\dist\default\production\SevenModule.X.a(_7Module.o)
                0x00000000000000b4                Counter

.text.counterLED
                0x000000000000014a       0x96
 .text.counterLED
                0x000000000000014a       0x96 D:\Hardware Engineering\Embedded System\Porjects\software\SevenModule.X\dist\default\production\SevenModule.X.a(_7Module.o)
                0x000000000000014a                counterLED

.text.ReadEvent
                0x00000000000001e0       0x6c
 .text.ReadEvent
                0x00000000000001e0       0x6c D:\Hardware Engineering\Embedded System\Porjects\software\SevenModule.X\dist\default\production\SevenModule.X.a(_7Module.o)
                0x00000000000001e0                ReadEvent

.text.FSM       0x000000000000024c       0x3a
 .text.FSM      0x000000000000024c       0x3a D:\Hardware Engineering\Embedded System\Porjects\software\SevenModule.X\dist\default\production\SevenModule.X.a(_7Module.o)
                0x000000000000024c                FSM

.text.EventAction
                0x0000000000000286       0x36
 .text.EventAction
                0x0000000000000286       0x36 D:\Hardware Engineering\Embedded System\Porjects\software\SevenModule.X\dist\default\production\SevenModule.X.a(_7Module.o)
                0x0000000000000286                EventAction

.text.InterfacingModule
                0x00000000000002bc       0x36
 .text.InterfacingModule
                0x00000000000002bc       0x36 D:\Hardware Engineering\Embedded System\Porjects\software\SevenModule.X\dist\default\production\SevenModule.X.a(_7Module.o)
                0x00000000000002bc                InterfacingModule

.text.Init      0x00000000000002f2       0x30
 .text.Init     0x00000000000002f2       0x30 build/default/production/testunit.o
                0x00000000000002f2                Init

.text.main      0x0000000000000322       0x1e
 .text.main     0x0000000000000322       0x1e build/default/production/testunit.o
                0x0000000000000322                main

.text.Counting  0x0000000000000340       0x12
 .text.Counting
                0x0000000000000340       0x12 D:\Hardware Engineering\Embedded System\Porjects\software\SevenModule.X\dist\default\production\SevenModule.X.a(_7Module.o)
                0x0000000000000340                Counting

.text.LEDTested
                0x0000000000000352       0x12
 .text.LEDTested
                0x0000000000000352       0x12 D:\Hardware Engineering\Embedded System\Porjects\software\SevenModule.X\dist\default\production\SevenModule.X.a(_7Module.o)
                0x0000000000000352                LEDTested

.text.DataSet   0x0000000000000364       0x10
 .text.DataSet  0x0000000000000364       0x10 D:\Hardware Engineering\Embedded System\Porjects\software\SevenModule.X\dist\default\production\SevenModule.X.a(_7Module.o)
                0x0000000000000364                DataSet

.text.IDELS     0x0000000000000374        0xc
 .text.IDELS    0x0000000000000374        0xc D:\Hardware Engineering\Embedded System\Porjects\software\SevenModule.X\dist\default\production\SevenModule.X.a(_7Module.o)
                0x0000000000000374                IDELS

.text.StartCount
                0x0000000000000380        0xc
 .text.StartCount
                0x0000000000000380        0xc D:\Hardware Engineering\Embedded System\Porjects\software\SevenModule.X\dist\default\production\SevenModule.X.a(_7Module.o)
                0x0000000000000380                StartCount

.text.StartSetData
                0x000000000000038c        0xc
 .text.StartSetData
                0x000000000000038c        0xc D:\Hardware Engineering\Embedded System\Porjects\software\SevenModule.X\dist\default\production\SevenModule.X.a(_7Module.o)
                0x000000000000038c                StartSetData

.text.StartLEDTEST
                0x0000000000000398        0xc
 .text.StartLEDTEST
                0x0000000000000398        0xc D:\Hardware Engineering\Embedded System\Porjects\software\SevenModule.X\dist\default\production\SevenModule.X.a(_7Module.o)
                0x0000000000000398                StartLEDTEST

.text.ReadSwitch
                0x00000000000003a4        0x8
 .text.ReadSwitch
                0x00000000000003a4        0x8 build/default/production/testunit.o
                0x00000000000003a4                ReadSwitch

.text           0x00000000000003ac        0x4
 .text          0x00000000000003ac        0x4 C:/Program Files/Microchip/MPLABX/v5.50/packs/Microchip/ATmega_DFP/2.3.126/xc8/avr/lib/avr5/memx-const/crtatmega16.o
                0x00000000000003ac                __vector_1
                0x00000000000003ac                __vector_12
                0x00000000000003ac                __bad_interrupt
                0x00000000000003ac                __vector_6
                0x00000000000003ac                __vector_3
                0x00000000000003ac                __vector_11
                0x00000000000003ac                __vector_13
                0x00000000000003ac                __vector_17
                0x00000000000003ac                __vector_19
                0x00000000000003ac                __vector_7
                0x00000000000003ac                __vector_5
                0x00000000000003ac                __vector_4
                0x00000000000003ac                __vector_9
                0x00000000000003ac                __vector_2
                0x00000000000003ac                __vector_15
                0x00000000000003ac                __vector_8
                0x00000000000003ac                __vector_14
                0x00000000000003ac                __vector_10
                0x00000000000003ac                __vector_16
                0x00000000000003ac                __vector_18
                0x00000000000003ac                __vector_20

.data.DigitData
                0x0000000000800065        0xa load address 0x00000000000003b0
 .data.DigitData
                0x0000000000800065        0xa D:\Hardware Engineering\Embedded System\Porjects\software\SevenModule.X\dist\default\production\SevenModule.X.a(_7Module.o)
                0x0000000000800065                DigitData

.data.LEDData   0x000000000080006f        0x7 load address 0x00000000000003ba
 .data.LEDData  0x000000000080006f        0x7 D:\Hardware Engineering\Embedded System\Porjects\software\SevenModule.X\dist\default\production\SevenModule.X.a(_7Module.o)
                0x000000000080006f                LEDData
